// Jest Snapshot v1, https://goo.gl/fbAQLP

exports[`the UnsupportedBrowserWarning component should render correctly when isSupported is false 1`] = `
<Result
  extra={
    <Paragraph
      copyable={true}
    >
      http://localhost/
    </Paragraph>
  }
  icon={<ForwardRef(ChromeOutlined) />}
  status="info"
  subTitle="Please copy the below link and paste it in Google Chrome"
  title="You must be using Google Chrome to access this site"
/>
`;
